<html>
<body>
<pre>
<h1>µVision Build Log</h1>
<h2>Tool Versions:</h2>
IDE-Version: ¦ÌVision V5.31.0.0
Copyright (C) 2020 ARM Ltd and ARM Germany GmbH. All rights reserved.
License Information: John 2309292099@qq.com, 1, LIC=GMZI6-DFMID-IIS5V-PHBPP-Z4PUL-SKSC5
 
Tool Versions:
Toolchain:       MDK-ARM Plus  Version: 5.31.0.0
Toolchain Path:  D:\Programs\Keil_v5\ARM\ARMCLANG\Bin
C Compiler:      ArmClang.exe V6.14
Assembler:       Armasm.exe V6.14
Linker/Locator:  ArmLink.exe V6.14
Library Manager: ArmAr.exe V6.14
Hex Converter:   FromElf.exe V6.14
CPU DLL:         SARMCM3.DLL V5.31.0.0
Dialog DLL:      DCM.DLL V1.17.3.0
Target DLL:      CMSIS_AGDI.dll V1.32.6.0
Dialog DLL:      TCM.DLL V1.46.0.0
 
<h2>Project:</h2>
C:\Users\23092\Desktop\Second_points_race_example\MDK-ARM\Second_points_race_kemukaoshi.uvprojx
Project File Date:  05/03/2025

<h2>Output:</h2>
*** Using Compiler 'V6.14', folder: 'D:\Programs\Keil_v5\ARM\ARMCLANG\Bin'
Build target 'Second_points_race_kemukaoshi'
compiling main.c...
compiling stm32f4xx_hal_i2c.c...
compiling stm32f4xx_it.c...
compiling stm32f4xx_hal_rcc.c...
compiling stm32f4xx_hal_rcc_ex.c...
compiling tim.c...
compiling stm32f4xx_hal_cortex.c...
compiling system_stm32f4xx.c...
compiling stm32f4xx_hal_dma.c...
compiling stm32f4xx_hal_msp.c...
compiling stm32f4xx_hal_pwr_ex.c...
compiling gpio.c...
compiling motor.c...
compiling pid.c...
compiling i2c.c...
compiling stm32f4xx_hal_uart.c...
compiling stm32f4xx_hal_flash.c...
compiling usart.c...
compiling stm32f4xx_hal_pwr.c...
compiling control.c...
compiling stm32f4xx_hal_flash_ramfunc.c...
compiling stm32f4xx_hal_i2c_ex.c...
compiling encoder.c...
compiling uart.c...
compiling decode.c...
compiling key.c...
compiling Delay.c...
compiling Print.c...
compiling stm32f4xx_hal.c...
compiling stm32f4xx_hal_gpio.c...
compiling stm32f4xx_hal_exti.c...
compiling stm32f4xx_hal_flash_ex.c...
compiling stm32f4xx_hal_dma_ex.c...
compiling mpu6050.c...
compiling mpuiic.c...
compiling stm32f4xx_hal_tim_ex.c...
compiling inv_mpu_dmp_motion_driver.c...
compiling stm32f4xx_hal_tim.c...
compiling inv_mpu.c...
linking...
Program Size: Code=24482 RO-data=870 RW-data=56 ZI-data=2360  
FromELF: creating hex file...
"Second_points_race_kemukaoshi\Second_points_race_kemukaoshi.axf" - 0 Error(s), 0 Warning(s).

<h2>Software Packages used:</h2>

Package Vendor: ARM
                http://www.keil.com/pack/ARM.CMSIS.5.7.0.pack
                ARM.CMSIS.5.7.0
                CMSIS (Cortex Microcontroller Software Interface Standard)
   * Component: CORE Version: 5.4.0

Package Vendor: Keil
                http://www.keil.com/pack/Keil.STM32F4xx_DFP.2.15.0.pack
                Keil.STM32F4xx_DFP.2.15.0
                STMicroelectronics STM32F4 Series Device Support, Drivers and Examples

<h2>Collection of Component include folders:</h2>
  .\RTE\_Second_points_race_kemukaoshi
  D:\Programs\Keil_v5\ARM\Packs\ARM\CMSIS\5.7.0\CMSIS\Core\Include
  D:\Programs\Keil_v5\ARM\Packs\Keil\STM32F4xx_DFP\2.15.0\Drivers\CMSIS\Device\ST\STM32F4xx\Include

<h2>Collection of Component Files used:</h2>

   * Component: ARM::CMSIS:CORE:5.4.0
      Include file:  CMSIS\Core\Include\tz_context.h
Build Time Elapsed:  00:00:02
</pre>
</body>
</html>
